<?xml version="1.0"?>
<link_info>
   <banner>TI ARM Linker PC v16.9.4.LTS</banner>
   <copyright>Copyright (c) 1996-2017 Texas Instruments Incorporated</copyright>
   <link_time>0x5a38e01a</link_time>
   <link_errors>0x0</link_errors>
   <output_file>Programa_Sumo.out</output_file>
   <entry_point>
      <name>_c_int00</name>
      <address>0x6879</address>
   </entry_point>
   <input_file_list>
      <input_file id="fl-2">
         <path>.\</path>
         <kind>object</kind>
         <file>Main_Sumo.obj</file>
         <name>Main_Sumo.obj</name>
      </input_file>
      <input_file id="fl-3">
         <path>.\</path>
         <kind>object</kind>
         <file>commands.obj</file>
         <name>commands.obj</name>
      </input_file>
      <input_file id="fl-4">
         <path>.\</path>
         <kind>object</kind>
         <file>startup_ccs.obj</file>
         <name>startup_ccs.obj</name>
      </input_file>
      <input_file id="fl-5">
         <path>.\FreeRTOS\Source\</path>
         <kind>object</kind>
         <file>croutine.obj</file>
         <name>croutine.obj</name>
      </input_file>
      <input_file id="fl-6">
         <path>.\FreeRTOS\Source\</path>
         <kind>object</kind>
         <file>event_groups.obj</file>
         <name>event_groups.obj</name>
      </input_file>
      <input_file id="fl-7">
         <path>.\FreeRTOS\Source\</path>
         <kind>object</kind>
         <file>list.obj</file>
         <name>list.obj</name>
      </input_file>
      <input_file id="fl-8">
         <path>.\FreeRTOS\Source\</path>
         <kind>object</kind>
         <file>queue.obj</file>
         <name>queue.obj</name>
      </input_file>
      <input_file id="fl-9">
         <path>.\FreeRTOS\Source\</path>
         <kind>object</kind>
         <file>tasks.obj</file>
         <name>tasks.obj</name>
      </input_file>
      <input_file id="fl-a">
         <path>.\FreeRTOS\Source\</path>
         <kind>object</kind>
         <file>timers.obj</file>
         <name>timers.obj</name>
      </input_file>
      <input_file id="fl-b">
         <path>.\FreeRTOS\Source\portable\CCS\ARM_CM4F\</path>
         <kind>object</kind>
         <file>port.obj</file>
         <name>port.obj</name>
      </input_file>
      <input_file id="fl-c">
         <path>.\FreeRTOS\Source\portable\CCS\ARM_CM4F\</path>
         <kind>object</kind>
         <file>portasm.obj</file>
         <name>portasm.obj</name>
      </input_file>
      <input_file id="fl-d">
         <path>.\FreeRTOS\Source\portable\MemMang\</path>
         <kind>object</kind>
         <file>heap_4.obj</file>
         <name>heap_4.obj</name>
      </input_file>
      <input_file id="fl-e">
         <path>.\driverlib\</path>
         <kind>object</kind>
         <file>adc.obj</file>
         <name>adc.obj</name>
      </input_file>
      <input_file id="fl-f">
         <path>.\driverlib\</path>
         <kind>object</kind>
         <file>aes.obj</file>
         <name>aes.obj</name>
      </input_file>
      <input_file id="fl-10">
         <path>.\driverlib\</path>
         <kind>object</kind>
         <file>can.obj</file>
         <name>can.obj</name>
      </input_file>
      <input_file id="fl-11">
         <path>.\driverlib\</path>
         <kind>object</kind>
         <file>comp.obj</file>
         <name>comp.obj</name>
      </input_file>
      <input_file id="fl-12">
         <path>.\driverlib\</path>
         <kind>object</kind>
         <file>cpu.obj</file>
         <name>cpu.obj</name>
      </input_file>
      <input_file id="fl-13">
         <path>.\driverlib\</path>
         <kind>object</kind>
         <file>crc.obj</file>
         <name>crc.obj</name>
      </input_file>
      <input_file id="fl-14">
         <path>.\driverlib\</path>
         <kind>object</kind>
         <file>des.obj</file>
         <name>des.obj</name>
      </input_file>
      <input_file id="fl-15">
         <path>.\driverlib\</path>
         <kind>object</kind>
         <file>eeprom.obj</file>
         <name>eeprom.obj</name>
      </input_file>
      <input_file id="fl-16">
         <path>.\driverlib\</path>
         <kind>object</kind>
         <file>emac.obj</file>
         <name>emac.obj</name>
      </input_file>
      <input_file id="fl-17">
         <path>.\driverlib\</path>
         <kind>object</kind>
         <file>epi.obj</file>
         <name>epi.obj</name>
      </input_file>
      <input_file id="fl-18">
         <path>.\driverlib\</path>
         <kind>object</kind>
         <file>epi_workaround_ccs.obj</file>
         <name>epi_workaround_ccs.obj</name>
      </input_file>
      <input_file id="fl-19">
         <path>.\driverlib\</path>
         <kind>object</kind>
         <file>flash.obj</file>
         <name>flash.obj</name>
      </input_file>
      <input_file id="fl-1a">
         <path>.\driverlib\</path>
         <kind>object</kind>
         <file>fpu.obj</file>
         <name>fpu.obj</name>
      </input_file>
      <input_file id="fl-1b">
         <path>.\driverlib\</path>
         <kind>object</kind>
         <file>gpio.obj</file>
         <name>gpio.obj</name>
      </input_file>
      <input_file id="fl-1c">
         <path>.\driverlib\</path>
         <kind>object</kind>
         <file>hibernate.obj</file>
         <name>hibernate.obj</name>
      </input_file>
      <input_file id="fl-1d">
         <path>.\driverlib\</path>
         <kind>object</kind>
         <file>i2c.obj</file>
         <name>i2c.obj</name>
      </input_file>
      <input_file id="fl-1e">
         <path>.\driverlib\</path>
         <kind>object</kind>
         <file>interrupt.obj</file>
         <name>interrupt.obj</name>
      </input_file>
      <input_file id="fl-1f">
         <path>.\driverlib\</path>
         <kind>object</kind>
         <file>lcd.obj</file>
         <name>lcd.obj</name>
      </input_file>
      <input_file id="fl-20">
         <path>.\driverlib\</path>
         <kind>object</kind>
         <file>mpu.obj</file>
         <name>mpu.obj</name>
      </input_file>
      <input_file id="fl-21">
         <path>.\driverlib\</path>
         <kind>object</kind>
         <file>onewire.obj</file>
         <name>onewire.obj</name>
      </input_file>
      <input_file id="fl-22">
         <path>.\driverlib\</path>
         <kind>object</kind>
         <file>pwm.obj</file>
         <name>pwm.obj</name>
      </input_file>
      <input_file id="fl-23">
         <path>.\driverlib\</path>
         <kind>object</kind>
         <file>qei.obj</file>
         <name>qei.obj</name>
      </input_file>
      <input_file id="fl-24">
         <path>.\driverlib\</path>
         <kind>object</kind>
         <file>shamd5.obj</file>
         <name>shamd5.obj</name>
      </input_file>
      <input_file id="fl-25">
         <path>.\driverlib\</path>
         <kind>object</kind>
         <file>ssi.obj</file>
         <name>ssi.obj</name>
      </input_file>
      <input_file id="fl-26">
         <path>.\driverlib\</path>
         <kind>object</kind>
         <file>sw_crc.obj</file>
         <name>sw_crc.obj</name>
      </input_file>
      <input_file id="fl-27">
         <path>.\driverlib\</path>
         <kind>object</kind>
         <file>sysctl.obj</file>
         <name>sysctl.obj</name>
      </input_file>
      <input_file id="fl-28">
         <path>.\driverlib\</path>
         <kind>object</kind>
         <file>sysexc.obj</file>
         <name>sysexc.obj</name>
      </input_file>
      <input_file id="fl-29">
         <path>.\driverlib\</path>
         <kind>object</kind>
         <file>systick.obj</file>
         <name>systick.obj</name>
      </input_file>
      <input_file id="fl-2a">
         <path>.\driverlib\</path>
         <kind>object</kind>
         <file>timer.obj</file>
         <name>timer.obj</name>
      </input_file>
      <input_file id="fl-2b">
         <path>.\driverlib\</path>
         <kind>object</kind>
         <file>uart.obj</file>
         <name>uart.obj</name>
      </input_file>
      <input_file id="fl-2c">
         <path>.\driverlib\</path>
         <kind>object</kind>
         <file>udma.obj</file>
         <name>udma.obj</name>
      </input_file>
      <input_file id="fl-2d">
         <path>.\driverlib\</path>
         <kind>object</kind>
         <file>usb.obj</file>
         <name>usb.obj</name>
      </input_file>
      <input_file id="fl-2e">
         <path>.\driverlib\</path>
         <kind>object</kind>
         <file>watchdog.obj</file>
         <name>watchdog.obj</name>
      </input_file>
      <input_file id="fl-2f">
         <path>.\drivers\</path>
         <kind>object</kind>
         <file>buttons.obj</file>
         <name>buttons.obj</name>
      </input_file>
      <input_file id="fl-30">
         <path>.\drivers\</path>
         <kind>object</kind>
         <file>rgb.obj</file>
         <name>rgb.obj</name>
      </input_file>
      <input_file id="fl-31">
         <path>.\utils\</path>
         <kind>object</kind>
         <file>RunTimeStatsConfig.obj</file>
         <name>RunTimeStatsConfig.obj</name>
      </input_file>
      <input_file id="fl-32">
         <path>.\utils\</path>
         <kind>object</kind>
         <file>cmdline.obj</file>
         <name>cmdline.obj</name>
      </input_file>
      <input_file id="fl-33">
         <path>.\utils\</path>
         <kind>object</kind>
         <file>cpu_usage.obj</file>
         <name>cpu_usage.obj</name>
      </input_file>
      <input_file id="fl-34">
         <path>.\utils\</path>
         <kind>object</kind>
         <file>uartstdio.obj</file>
         <name>uartstdio.obj</name>
      </input_file>
      <input_file id="fl-38">
         <kind>object</kind>
         <file>&lt;internal&gt;</file>
         <name>&lt;internal&gt;</name>
      </input_file>
      <input_file id="fl-ee">
         <path>C:\ti\ccsv7\tools\compiler\ti-cgt-arm_16.9.4.LTS\lib\</path>
         <kind>archive</kind>
         <file>rtsv7M4_T_le_v4SPD16_eabi.lib</file>
         <name>boot.obj</name>
      </input_file>
      <input_file id="fl-ef">
         <path>C:\ti\ccsv7\tools\compiler\ti-cgt-arm_16.9.4.LTS\lib\</path>
         <kind>archive</kind>
         <file>rtsv7M4_T_le_v4SPD16_eabi.lib</file>
         <name>copy_decompress_lzss.obj</name>
      </input_file>
      <input_file id="fl-f0">
         <path>C:\ti\ccsv7\tools\compiler\ti-cgt-arm_16.9.4.LTS\lib\</path>
         <kind>archive</kind>
         <file>rtsv7M4_T_le_v4SPD16_eabi.lib</file>
         <name>copy_decompress_none.obj</name>
      </input_file>
      <input_file id="fl-f1">
         <path>C:\ti\ccsv7\tools\compiler\ti-cgt-arm_16.9.4.LTS\lib\</path>
         <kind>archive</kind>
         <file>rtsv7M4_T_le_v4SPD16_eabi.lib</file>
         <name>copy_zero_init.obj</name>
      </input_file>
      <input_file id="fl-f2">
         <path>C:\ti\ccsv7\tools\compiler\ti-cgt-arm_16.9.4.LTS\lib\</path>
         <kind>archive</kind>
         <file>rtsv7M4_T_le_v4SPD16_eabi.lib</file>
         <name>exit.obj</name>
      </input_file>
      <input_file id="fl-f3">
         <path>C:\ti\ccsv7\tools\compiler\ti-cgt-arm_16.9.4.LTS\lib\</path>
         <kind>archive</kind>
         <file>rtsv7M4_T_le_v4SPD16_eabi.lib</file>
         <name>fs_toull_t2.obj</name>
      </input_file>
      <input_file id="fl-f4">
         <path>C:\ti\ccsv7\tools\compiler\ti-cgt-arm_16.9.4.LTS\lib\</path>
         <kind>archive</kind>
         <file>rtsv7M4_T_le_v4SPD16_eabi.lib</file>
         <name>memcpy_t2.obj</name>
      </input_file>
      <input_file id="fl-f5">
         <path>C:\ti\ccsv7\tools\compiler\ti-cgt-arm_16.9.4.LTS\lib\</path>
         <kind>archive</kind>
         <file>rtsv7M4_T_le_v4SPD16_eabi.lib</file>
         <name>memset_t2.obj</name>
      </input_file>
      <input_file id="fl-f6">
         <path>C:\ti\ccsv7\tools\compiler\ti-cgt-arm_16.9.4.LTS\lib\</path>
         <kind>archive</kind>
         <file>rtsv7M4_T_le_v4SPD16_eabi.lib</file>
         <name>mpu_init.obj</name>
      </input_file>
      <input_file id="fl-f7">
         <path>C:\ti\ccsv7\tools\compiler\ti-cgt-arm_16.9.4.LTS\lib\</path>
         <kind>archive</kind>
         <file>rtsv7M4_T_le_v4SPD16_eabi.lib</file>
         <name>pre_init.obj</name>
      </input_file>
      <input_file id="fl-f8">
         <path>C:\ti\ccsv7\tools\compiler\ti-cgt-arm_16.9.4.LTS\lib\</path>
         <kind>archive</kind>
         <file>rtsv7M4_T_le_v4SPD16_eabi.lib</file>
         <name>sprintf.obj</name>
      </input_file>
      <input_file id="fl-f9">
         <path>C:\ti\ccsv7\tools\compiler\ti-cgt-arm_16.9.4.LTS\lib\</path>
         <kind>archive</kind>
         <file>rtsv7M4_T_le_v4SPD16_eabi.lib</file>
         <name>stkdepth_vars.obj</name>
      </input_file>
      <input_file id="fl-fa">
         <path>C:\ti\ccsv7\tools\compiler\ti-cgt-arm_16.9.4.LTS\lib\</path>
         <kind>archive</kind>
         <file>rtsv7M4_T_le_v4SPD16_eabi.lib</file>
         <name>strcmp.obj</name>
      </input_file>
      <input_file id="fl-fb">
         <path>C:\ti\ccsv7\tools\compiler\ti-cgt-arm_16.9.4.LTS\lib\</path>
         <kind>archive</kind>
         <file>rtsv7M4_T_le_v4SPD16_eabi.lib</file>
         <name>strcpy.obj</name>
      </input_file>
      <input_file id="fl-fc">
         <path>C:\ti\ccsv7\tools\compiler\ti-cgt-arm_16.9.4.LTS\lib\</path>
         <kind>archive</kind>
         <file>rtsv7M4_T_le_v4SPD16_eabi.lib</file>
         <name>strlen.obj</name>
      </input_file>
      <input_file id="fl-fd">
         <path>C:\ti\ccsv7\tools\compiler\ti-cgt-arm_16.9.4.LTS\lib\</path>
         <kind>archive</kind>
         <file>rtsv7M4_T_le_v4SPD16_eabi.lib</file>
         <name>strncmp.obj</name>
      </input_file>
      <input_file id="fl-fe">
         <path>C:\ti\ccsv7\tools\compiler\ti-cgt-arm_16.9.4.LTS\lib\</path>
         <kind>archive</kind>
         <file>rtsv7M4_T_le_v4SPD16_eabi.lib</file>
         <name>u_divt2.obj</name>
      </input_file>
      <input_file id="fl-ff">
         <path>C:\ti\ccsv7\tools\compiler\ti-cgt-arm_16.9.4.LTS\lib\</path>
         <kind>archive</kind>
         <file>rtsv7M4_T_le_v4SPD16_eabi.lib</file>
         <name>_lock.obj</name>
      </input_file>
      <input_file id="fl-100">
         <path>C:\ti\ccsv7\tools\compiler\ti-cgt-arm_16.9.4.LTS\lib\</path>
         <kind>archive</kind>
         <file>rtsv7M4_T_le_v4SPD16_eabi.lib</file>
         <name>_printfi.obj</name>
      </input_file>
      <input_file id="fl-101">
         <path>C:\ti\ccsv7\tools\compiler\ti-cgt-arm_16.9.4.LTS\lib\</path>
         <kind>archive</kind>
         <file>rtsv7M4_T_le_v4SPD16_eabi.lib</file>
         <name>args_main.obj</name>
      </input_file>
      <input_file id="fl-102">
         <path>C:\ti\ccsv7\tools\compiler\ti-cgt-arm_16.9.4.LTS\lib\</path>
         <kind>archive</kind>
         <file>rtsv7M4_T_le_v4SPD16_eabi.lib</file>
         <name>atoi.obj</name>
      </input_file>
      <input_file id="fl-103">
         <path>C:\ti\ccsv7\tools\compiler\ti-cgt-arm_16.9.4.LTS\lib\</path>
         <kind>archive</kind>
         <file>rtsv7M4_T_le_v4SPD16_eabi.lib</file>
         <name>autoinit.obj</name>
      </input_file>
      <input_file id="fl-104">
         <path>C:\ti\ccsv7\tools\compiler\ti-cgt-arm_16.9.4.LTS\lib\</path>
         <kind>archive</kind>
         <file>rtsv7M4_T_le_v4SPD16_eabi.lib</file>
         <name>cpy_tbl.obj</name>
      </input_file>
      <input_file id="fl-105">
         <path>C:\ti\ccsv7\tools\compiler\ti-cgt-arm_16.9.4.LTS\lib\</path>
         <kind>archive</kind>
         <file>rtsv7M4_T_le_v4SPD16_eabi.lib</file>
         <name>ctype.obj</name>
      </input_file>
      <input_file id="fl-106">
         <path>C:\ti\ccsv7\tools\compiler\ti-cgt-arm_16.9.4.LTS\lib\</path>
         <kind>archive</kind>
         <file>rtsv7M4_T_le_v4SPD16_eabi.lib</file>
         <name>fd_add_t2.obj</name>
      </input_file>
      <input_file id="fl-107">
         <path>C:\ti\ccsv7\tools\compiler\ti-cgt-arm_16.9.4.LTS\lib\</path>
         <kind>archive</kind>
         <file>rtsv7M4_T_le_v4SPD16_eabi.lib</file>
         <name>fd_cmp_t2.obj</name>
      </input_file>
      <input_file id="fl-108">
         <path>C:\ti\ccsv7\tools\compiler\ti-cgt-arm_16.9.4.LTS\lib\</path>
         <kind>archive</kind>
         <file>rtsv7M4_T_le_v4SPD16_eabi.lib</file>
         <name>fd_div_t2.obj</name>
      </input_file>
      <input_file id="fl-109">
         <path>C:\ti\ccsv7\tools\compiler\ti-cgt-arm_16.9.4.LTS\lib\</path>
         <kind>archive</kind>
         <file>rtsv7M4_T_le_v4SPD16_eabi.lib</file>
         <name>fd_mul_t2.obj</name>
      </input_file>
      <input_file id="fl-10a">
         <path>C:\ti\ccsv7\tools\compiler\ti-cgt-arm_16.9.4.LTS\lib\</path>
         <kind>archive</kind>
         <file>rtsv7M4_T_le_v4SPD16_eabi.lib</file>
         <name>fd_toi_t2.obj</name>
      </input_file>
      <input_file id="fl-10b">
         <path>C:\ti\ccsv7\tools\compiler\ti-cgt-arm_16.9.4.LTS\lib\</path>
         <kind>archive</kind>
         <file>rtsv7M4_T_le_v4SPD16_eabi.lib</file>
         <name>i_div0.obj</name>
      </input_file>
      <input_file id="fl-10c">
         <path>C:\ti\ccsv7\tools\compiler\ti-cgt-arm_16.9.4.LTS\lib\</path>
         <kind>archive</kind>
         <file>rtsv7M4_T_le_v4SPD16_eabi.lib</file>
         <name>i_tofd_t2.obj</name>
      </input_file>
      <input_file id="fl-10d">
         <path>C:\ti\ccsv7\tools\compiler\ti-cgt-arm_16.9.4.LTS\lib\</path>
         <kind>archive</kind>
         <file>rtsv7M4_T_le_v4SPD16_eabi.lib</file>
         <name>ltoa.obj</name>
      </input_file>
      <input_file id="fl-10e">
         <path>C:\ti\ccsv7\tools\compiler\ti-cgt-arm_16.9.4.LTS\lib\</path>
         <kind>archive</kind>
         <file>rtsv7M4_T_le_v4SPD16_eabi.lib</file>
         <name>memccpy.obj</name>
      </input_file>
      <input_file id="fl-10f">
         <path>C:\ti\ccsv7\tools\compiler\ti-cgt-arm_16.9.4.LTS\lib\</path>
         <kind>archive</kind>
         <file>rtsv7M4_T_le_v4SPD16_eabi.lib</file>
         <name>s_frexp.obj</name>
      </input_file>
      <input_file id="fl-110">
         <path>C:\ti\ccsv7\tools\compiler\ti-cgt-arm_16.9.4.LTS\lib\</path>
         <kind>archive</kind>
         <file>rtsv7M4_T_le_v4SPD16_eabi.lib</file>
         <name>s_scalbn.obj</name>
      </input_file>
      <input_file id="fl-111">
         <path>C:\ti\ccsv7\tools\compiler\ti-cgt-arm_16.9.4.LTS\lib\</path>
         <kind>archive</kind>
         <file>rtsv7M4_T_le_v4SPD16_eabi.lib</file>
         <name>startup.obj</name>
      </input_file>
      <input_file id="fl-112">
         <path>C:\ti\ccsv7\tools\compiler\ti-cgt-arm_16.9.4.LTS\lib\</path>
         <kind>archive</kind>
         <file>rtsv7M4_T_le_v4SPD16_eabi.lib</file>
         <name>strchr.obj</name>
      </input_file>
      <input_file id="fl-113">
         <path>C:\ti\ccsv7\tools\compiler\ti-cgt-arm_16.9.4.LTS\lib\</path>
         <kind>archive</kind>
         <file>rtsv7M4_T_le_v4SPD16_eabi.lib</file>
         <name>ull_div_t2.obj</name>
      </input_file>
      <input_file id="fl-114">
         <path>C:\ti\ccsv7\tools\compiler\ti-cgt-arm_16.9.4.LTS\lib\</path>
         <kind>archive</kind>
         <file>rtsv7M4_T_le_v4SPD16_eabi.lib</file>
         <name>errno.obj</name>
      </input_file>
      <input_file id="fl-115">
         <path>C:\ti\ccsv7\tools\compiler\ti-cgt-arm_16.9.4.LTS\lib\</path>
         <kind>archive</kind>
         <file>rtsv7M4_T_le_v4SPD16_eabi.lib</file>
         <name>s_copysign.obj</name>
      </input_file>
   </input_file_list>
   <object_component_list>
      <object_component id="oc-f">
         <name>.intvecs</name>
         <load_address>0x0</load_address>
         <run_address>0x0</run_address>
         <size>0x26c</size>
         <input_file_ref idref="fl-4"/>
      </object_component>
      <object_component id="oc-91">
         <name>.text</name>
         <load_address>0x26c</load_address>
         <run_address>0x26c</run_address>
         <size>0x1254</size>
         <input_file_ref idref="fl-9"/>
      </object_component>
      <object_component id="oc-230">
         <name>.text</name>
         <load_address>0x14c0</load_address>
         <run_address>0x14c0</run_address>
         <size>0x113e</size>
         <input_file_ref idref="fl-100"/>
      </object_component>
      <object_component id="oc-1aa">
         <name>.text</name>
         <load_address>0x25fe</load_address>
         <run_address>0x25fe</run_address>
         <size>0x2</size>
         <input_file_ref idref="fl-10b"/>
      </object_component>
      <object_component id="oc-1d3">
         <name>.text</name>
         <load_address>0x2600</load_address>
         <run_address>0x2600</run_address>
         <size>0xa8c</size>
         <input_file_ref idref="fl-27"/>
      </object_component>
      <object_component id="oc-3c">
         <name>.text</name>
         <load_address>0x308c</load_address>
         <run_address>0x308c</run_address>
         <size>0x7fc</size>
         <input_file_ref idref="fl-34"/>
      </object_component>
      <object_component id="oc-1cd">
         <name>.text</name>
         <load_address>0x3888</load_address>
         <run_address>0x3888</run_address>
         <size>0x680</size>
         <input_file_ref idref="fl-1b"/>
      </object_component>
      <object_component id="oc-a7">
         <name>.text</name>
         <load_address>0x3f08</load_address>
         <run_address>0x3f08</run_address>
         <size>0x610</size>
         <input_file_ref idref="fl-8"/>
      </object_component>
      <object_component id="oc-1e2">
         <name>.text</name>
         <load_address>0x4518</load_address>
         <run_address>0x4518</run_address>
         <size>0x546</size>
         <input_file_ref idref="fl-3"/>
      </object_component>
      <object_component id="oc-68">
         <name>.text</name>
         <load_address>0x4a5e</load_address>
         <run_address>0x4a5e</run_address>
         <size>0x2</size>
         <input_file_ref idref="fl-f6"/>
      </object_component>
      <object_component id="oc-1d9">
         <name>.text</name>
         <load_address>0x4a60</load_address>
         <run_address>0x4a60</run_address>
         <size>0x38c</size>
         <input_file_ref idref="fl-30"/>
      </object_component>
      <object_component id="oc-222">
         <name>.text</name>
         <load_address>0x4dec</load_address>
         <run_address>0x4dec</run_address>
         <size>0x314</size>
         <input_file_ref idref="fl-2a"/>
      </object_component>
      <object_component id="oc-ad">
         <name>.text</name>
         <load_address>0x5100</load_address>
         <run_address>0x5100</run_address>
         <size>0x30c</size>
         <input_file_ref idref="fl-2b"/>
      </object_component>
      <object_component id="oc-18b">
         <name>.text</name>
         <load_address>0x540c</load_address>
         <run_address>0x540c</run_address>
         <size>0x2a4</size>
         <input_file_ref idref="fl-1e"/>
      </object_component>
      <object_component id="oc-2db">
         <name>.text</name>
         <load_address>0x56b0</load_address>
         <run_address>0x56b0</run_address>
         <size>0x1f4</size>
         <input_file_ref idref="fl-113"/>
      </object_component>
      <object_component id="oc-126">
         <name>.text</name>
         <load_address>0x58a4</load_address>
         <run_address>0x58a4</run_address>
         <size>0x1d0</size>
         <input_file_ref idref="fl-d"/>
      </object_component>
      <object_component id="oc-304">
         <name>.text</name>
         <load_address>0x5a74</load_address>
         <run_address>0x5a74</run_address>
         <size>0x1b6</size>
         <input_file_ref idref="fl-106"/>
      </object_component>
      <object_component id="oc-101">
         <name>.text</name>
         <load_address>0x5c2a</load_address>
         <run_address>0x5c2a</run_address>
         <size>0x2</size>
         <input_file_ref idref="fl-111"/>
      </object_component>
      <object_component id="oc-109">
         <name>.text</name>
         <load_address>0x5c2c</load_address>
         <run_address>0x5c2c</run_address>
         <size>0x188</size>
         <input_file_ref idref="fl-2"/>
      </object_component>
      <object_component id="oc-2ea">
         <name>.text</name>
         <load_address>0x5db4</load_address>
         <run_address>0x5db4</run_address>
         <size>0x136</size>
         <input_file_ref idref="fl-108"/>
      </object_component>
      <object_component id="oc-2e5">
         <name>.text</name>
         <load_address>0x5eea</load_address>
         <run_address>0x5eea</run_address>
         <size>0xfc</size>
         <input_file_ref idref="fl-109"/>
      </object_component>
      <object_component id="oc-30f">
         <name>.text</name>
         <load_address>0x5fe8</load_address>
         <run_address>0x5fe8</run_address>
         <size>0xfc</size>
         <input_file_ref idref="fl-110"/>
      </object_component>
      <object_component id="oc-36">
         <name>.text</name>
         <load_address>0x60e4</load_address>
         <run_address>0x60e4</run_address>
         <size>0xe4</size>
         <input_file_ref idref="fl-b"/>
      </object_component>
      <object_component id="oc-31">
         <name>.text</name>
         <load_address>0x61c8</load_address>
         <run_address>0x61c8</run_address>
         <size>0xd2</size>
         <input_file_ref idref="fl-c"/>
      </object_component>
      <object_component id="oc-1c7">
         <name>.text</name>
         <load_address>0x629c</load_address>
         <run_address>0x629c</run_address>
         <size>0xc0</size>
         <input_file_ref idref="fl-33"/>
      </object_component>
      <object_component id="oc-50">
         <name>.text</name>
         <load_address>0x635c</load_address>
         <run_address>0x635c</run_address>
         <size>0x9c</size>
         <input_file_ref idref="fl-f4"/>
      </object_component>
      <object_component id="oc-12c">
         <name>.text</name>
         <load_address>0x63f8</load_address>
         <run_address>0x63f8</run_address>
         <size>0x94</size>
         <input_file_ref idref="fl-7"/>
      </object_component>
      <object_component id="oc-2e0">
         <name>.text:__aeabi_cdcmple</name>
         <load_address>0x648c</load_address>
         <run_address>0x648c</run_address>
         <size>0x86</size>
         <input_file_ref idref="fl-107"/>
      </object_component>
      <object_component id="oc-2ef">
         <name>.text:__aeabi_cdrcmple</name>
         <load_address>0x6512</load_address>
         <run_address>0x6512</run_address>
         <size>0x86</size>
         <input_file_ref idref="fl-107"/>
      </object_component>
      <object_component id="oc-5c">
         <name>.text</name>
         <load_address>0x6598</load_address>
         <run_address>0x6598</run_address>
         <size>0x7a</size>
         <input_file_ref idref="fl-f5"/>
      </object_component>
      <object_component id="oc-74">
         <name>.text</name>
         <load_address>0x6614</load_address>
         <run_address>0x6614</run_address>
         <size>0x70</size>
         <input_file_ref idref="fl-103"/>
      </object_component>
      <object_component id="oc-12">
         <name>.text:decompress:lzss</name>
         <load_address>0x6684</load_address>
         <run_address>0x6684</run_address>
         <size>0x68</size>
         <input_file_ref idref="fl-ef"/>
      </object_component>
      <object_component id="oc-13e">
         <name>.text</name>
         <load_address>0x66ec</load_address>
         <run_address>0x66ec</run_address>
         <size>0x64</size>
         <input_file_ref idref="fl-31"/>
      </object_component>
      <object_component id="oc-2b0">
         <name>.text</name>
         <load_address>0x6750</load_address>
         <run_address>0x6750</run_address>
         <size>0x64</size>
         <input_file_ref idref="fl-32"/>
      </object_component>
      <object_component id="oc-309">
         <name>.text</name>
         <load_address>0x67b4</load_address>
         <run_address>0x67b4</run_address>
         <size>0x64</size>
         <input_file_ref idref="fl-10f"/>
      </object_component>
      <object_component id="oc-160">
         <name>.text</name>
         <load_address>0x6818</load_address>
         <run_address>0x6818</run_address>
         <size>0x60</size>
         <input_file_ref idref="fl-f8"/>
      </object_component>
      <object_component id="oc-24">
         <name>.text</name>
         <load_address>0x6878</load_address>
         <run_address>0x6878</run_address>
         <size>0x54</size>
         <input_file_ref idref="fl-ee"/>
      </object_component>
      <object_component id="oc-80">
         <name>.text</name>
         <load_address>0x68cc</load_address>
         <run_address>0x68cc</run_address>
         <size>0x54</size>
         <input_file_ref idref="fl-f2"/>
      </object_component>
      <object_component id="oc-2f9">
         <name>.text</name>
         <load_address>0x6920</load_address>
         <run_address>0x6920</run_address>
         <size>0x54</size>
         <input_file_ref idref="fl-10d"/>
      </object_component>
      <object_component id="oc-299">
         <name>.text</name>
         <load_address>0x6974</load_address>
         <run_address>0x6974</run_address>
         <size>0x50</size>
         <input_file_ref idref="fl-f3"/>
      </object_component>
      <object_component id="oc-31b">
         <name>.text</name>
         <load_address>0x69c4</load_address>
         <run_address>0x69c4</run_address>
         <size>0x4c</size>
         <input_file_ref idref="fl-102"/>
      </object_component>
      <object_component id="oc-fb">
         <name>.text</name>
         <load_address>0x6a10</load_address>
         <run_address>0x6a10</run_address>
         <size>0x4c</size>
         <input_file_ref idref="fl-104"/>
      </object_component>
      <object_component id="oc-2f4">
         <name>.text</name>
         <load_address>0x6a5c</load_address>
         <run_address>0x6a5c</run_address>
         <size>0x48</size>
         <input_file_ref idref="fl-10a"/>
      </object_component>
      <object_component id="oc-c8">
         <name>.text</name>
         <load_address>0x6aa4</load_address>
         <run_address>0x6aa4</run_address>
         <size>0x40</size>
         <input_file_ref idref="fl-fe"/>
      </object_component>
      <object_component id="oc-14e">
         <name>.text</name>
         <load_address>0x6ae4</load_address>
         <run_address>0x6ae4</run_address>
         <size>0x36</size>
         <input_file_ref idref="fl-12"/>
      </object_component>
      <object_component id="oc-2ff">
         <name>.text</name>
         <load_address>0x6b1a</load_address>
         <run_address>0x6b1a</run_address>
         <size>0x2e</size>
         <input_file_ref idref="fl-10c"/>
      </object_component>
      <object_component id="oc-2a7">
         <name>.text</name>
         <load_address>0x6b48</load_address>
         <run_address>0x6b48</run_address>
         <size>0x2c</size>
         <input_file_ref idref="fl-fd"/>
      </object_component>
      <object_component id="oc-2b">
         <name>.text</name>
         <load_address>0x6b74</load_address>
         <run_address>0x6b74</run_address>
         <size>0x28</size>
         <input_file_ref idref="fl-4"/>
      </object_component>
      <object_component id="oc-144">
         <name>.text:GetOverflowCounts</name>
         <load_address>0x6b9c</load_address>
         <run_address>0x6b9c</run_address>
         <size>0x24</size>
         <input_file_ref idref="fl-31"/>
      </object_component>
      <object_component id="oc-321">
         <name>.text</name>
         <load_address>0x6bc0</load_address>
         <run_address>0x6bc0</run_address>
         <size>0x1c</size>
         <input_file_ref idref="fl-10e"/>
      </object_component>
      <object_component id="oc-7a">
         <name>.text</name>
         <load_address>0x6bdc</load_address>
         <run_address>0x6bdc</run_address>
         <size>0x18</size>
         <input_file_ref idref="fl-101"/>
      </object_component>
      <object_component id="oc-381">
         <name>.text</name>
         <load_address>0x6bf4</load_address>
         <run_address>0x6bf4</run_address>
         <size>0x18</size>
         <input_file_ref idref="fl-fa"/>
      </object_component>
      <object_component id="oc-315">
         <name>.text</name>
         <load_address>0x6c0c</load_address>
         <run_address>0x6c0c</run_address>
         <size>0x16</size>
         <input_file_ref idref="fl-112"/>
      </object_component>
      <object_component id="oc-1f2">
         <name>.text</name>
         <load_address>0x6c24</load_address>
         <run_address>0x6c24</run_address>
         <size>0x14</size>
         <input_file_ref idref="fl-ff"/>
      </object_component>
      <object_component id="oc-3b1">
         <name>.text</name>
         <load_address>0x6c38</load_address>
         <run_address>0x6c38</run_address>
         <size>0x14</size>
         <input_file_ref idref="fl-115"/>
      </object_component>
      <object_component id="oc-154">
         <name>.text</name>
         <load_address>0x6c4c</load_address>
         <run_address>0x6c4c</run_address>
         <size>0x14</size>
         <input_file_ref idref="fl-fb"/>
      </object_component>
      <object_component id="oc-15a">
         <name>.text</name>
         <load_address>0x6c60</load_address>
         <run_address>0x6c60</run_address>
         <size>0x14</size>
         <input_file_ref idref="fl-fc"/>
      </object_component>
      <object_component id="oc-18">
         <name>.text:decompress:none</name>
         <load_address>0x6c74</load_address>
         <run_address>0x6c74</run_address>
         <size>0xe</size>
         <input_file_ref idref="fl-f0"/>
      </object_component>
      <object_component id="oc-1e">
         <name>.text:decompress:ZI</name>
         <load_address>0x6c82</load_address>
         <run_address>0x6c82</run_address>
         <size>0xc</size>
         <input_file_ref idref="fl-f1"/>
      </object_component>
      <object_component id="oc-28d">
         <name>.text:SysCtlDelay</name>
         <load_address>0x6c8e</load_address>
         <run_address>0x6c8e</run_address>
         <size>0x6</size>
         <input_file_ref idref="fl-27"/>
      </object_component>
      <object_component id="oc-6e">
         <name>.text</name>
         <load_address>0x6c94</load_address>
         <run_address>0x6c94</run_address>
         <size>0x4</size>
         <input_file_ref idref="fl-f7"/>
      </object_component>
      <object_component id="oc-294">
         <name>.const:g_pppui32XTALtoVCO</name>
         <load_address>0x6c98</load_address>
         <run_address>0x6c98</run_address>
         <size>0x1b0</size>
         <input_file_ref idref="fl-27"/>
      </object_component>
      <object_component id="oc-3be">
         <name>.const:.string:_ctypes_</name>
         <load_address>0x6e48</load_address>
         <run_address>0x6e48</run_address>
         <size>0x101</size>
         <input_file_ref idref="fl-105"/>
      </object_component>
      <object_component id="oc-37e">
         <name>.const:.string</name>
         <load_address>0x6f4c</load_address>
         <run_address>0x6f4c</run_address>
         <size>0xf2</size>
         <input_file_ref idref="fl-3"/>
      </object_component>
      <object_component id="oc-27c">
         <name>.const:g_ppui32GPIOIntMapBlizzard</name>
         <load_address>0x7040</load_address>
         <run_address>0x7040</run_address>
         <size>0xc0</size>
         <input_file_ref idref="fl-1b"/>
      </object_component>
      <object_component id="oc-282">
         <name>.const:g_ppui32GPIOIntMapSnowflake</name>
         <load_address>0x7100</load_address>
         <run_address>0x7100</run_address>
         <size>0xc0</size>
         <input_file_ref idref="fl-1b"/>
      </object_component>
      <object_component id="oc-24c">
         <name>.const:g_pui32Regs</name>
         <load_address>0x71c0</load_address>
         <run_address>0x71c0</run_address>
         <size>0x9c</size>
         <input_file_ref idref="fl-1e"/>
      </object_component>
      <object_component id="oc-285">
         <name>.const:g_pui32GPIOBaseAddrs</name>
         <load_address>0x725c</load_address>
         <run_address>0x725c</run_address>
         <size>0x90</size>
         <input_file_ref idref="fl-1b"/>
      </object_component>
      <object_component id="oc-291">
         <name>.const:g_pui32Xtals</name>
         <load_address>0x72ec</load_address>
         <run_address>0x72ec</run_address>
         <size>0x6c</size>
         <input_file_ref idref="fl-27"/>
      </object_component>
      <object_component id="oc-2cc">
         <name>.const:g_ppui32TimerIntMap</name>
         <load_address>0x7358</load_address>
         <run_address>0x7358</run_address>
         <size>0x60</size>
         <input_file_ref idref="fl-2a"/>
      </object_component>
      <object_component id="oc-2d2">
         <name>.const:g_ppui32TimerIntMapSnowflake</name>
         <load_address>0x73b8</load_address>
         <run_address>0x73b8</run_address>
         <size>0x40</size>
         <input_file_ref idref="fl-2a"/>
      </object_component>
      <object_component id="oc-191">
         <name>.const:g_ppui32UARTIntMap</name>
         <load_address>0x73f8</load_address>
         <run_address>0x73f8</run_address>
         <size>0x40</size>
         <input_file_ref idref="fl-2b"/>
      </object_component>
      <object_component id="oc-197">
         <name>.const:g_ppui32UARTIntMapSnowflake</name>
         <load_address>0x7438</load_address>
         <run_address>0x7438</run_address>
         <size>0x40</size>
         <input_file_ref idref="fl-2b"/>
      </object_component>
      <object_component id="oc-28a">
         <name>.const:g_sXTALtoMEMTIM</name>
         <load_address>0x7478</load_address>
         <run_address>0x7478</run_address>
         <size>0x30</size>
         <input_file_ref idref="fl-27"/>
      </object_component>
      <object_component id="oc-249">
         <name>.const:g_pui32Priority</name>
         <load_address>0x74a8</load_address>
         <run_address>0x74a8</run_address>
         <size>0x20</size>
         <input_file_ref idref="fl-1e"/>
      </object_component>
      <object_component id="oc-252">
         <name>.const:g_pui32Dii16Regs</name>
         <load_address>0x74c8</load_address>
         <run_address>0x74c8</run_address>
         <size>0x14</size>
         <input_file_ref idref="fl-1e"/>
      </object_component>
      <object_component id="oc-24f">
         <name>.const:g_pui32EnRegs</name>
         <load_address>0x74dc</load_address>
         <run_address>0x74dc</run_address>
         <size>0x14</size>
         <input_file_ref idref="fl-1e"/>
      </object_component>
      <object_component id="oc-255">
         <name>.const:g_pui32PendRegs</name>
         <load_address>0x74f0</load_address>
         <run_address>0x74f0</run_address>
         <size>0x14</size>
         <input_file_ref idref="fl-1e"/>
      </object_component>
      <object_component id="oc-258">
         <name>.const:g_pui32UnpendRegs</name>
         <load_address>0x7504</load_address>
         <run_address>0x7504</run_address>
         <size>0x14</size>
         <input_file_ref idref="fl-1e"/>
      </object_component>
      <object_component id="oc-1b1">
         <name>.const:.string</name>
         <load_address>0x7518</load_address>
         <run_address>0x7518</run_address>
         <size>0x12</size>
         <input_file_ref idref="fl-34"/>
      </object_component>
      <object_component id="oc-b9">
         <name>.const:g_ui32UARTBase</name>
         <load_address>0x752c</load_address>
         <run_address>0x752c</run_address>
         <size>0xc</size>
         <input_file_ref idref="fl-34"/>
      </object_component>
      <object_component id="oc-bf">
         <name>.const:g_ui32UARTInt</name>
         <load_address>0x7538</load_address>
         <run_address>0x7538</run_address>
         <size>0xc</size>
         <input_file_ref idref="fl-34"/>
      </object_component>
      <object_component id="oc-bc">
         <name>.const:g_ui32UARTPeriph</name>
         <load_address>0x7544</load_address>
         <run_address>0x7544</run_address>
         <size>0xc</size>
         <input_file_ref idref="fl-34"/>
      </object_component>
      <object_component id="oc-28e">
         <name>.const:g_pui32VCOFrequencies</name>
         <load_address>0x7550</load_address>
         <run_address>0x7550</run_address>
         <size>0x8</size>
         <input_file_ref idref="fl-27"/>
      </object_component>
      <object_component id="oc-27f">
         <name>.const</name>
         <load_address>0x7558</load_address>
         <run_address>0x7558</run_address>
         <size>0x8</size>
         <input_file_ref idref="fl-1b"/>
      </object_component>
      <object_component id="oc-2cf">
         <name>.const</name>
         <load_address>0x7560</load_address>
         <run_address>0x7560</run_address>
         <size>0x8</size>
         <input_file_ref idref="fl-2a"/>
      </object_component>
      <object_component id="oc-194">
         <name>.const</name>
         <load_address>0x7568</load_address>
         <run_address>0x7568</run_address>
         <size>0x8</size>
         <input_file_ref idref="fl-2b"/>
      </object_component>
      <object_component id="oc-20d">
         <name>.const</name>
         <load_address>0x7570</load_address>
         <run_address>0x7570</run_address>
         <size>0x4</size>
         <input_file_ref idref="fl-d"/>
      </object_component>
      <object_component id="oc-8e">
         <name>.const</name>
         <load_address>0x7574</load_address>
         <run_address>0x7574</run_address>
         <size>0x4</size>
         <input_file_ref idref="fl-b"/>
      </object_component>
      <object_component id="oc-cd">
         <name>.const</name>
         <load_address>0x7578</load_address>
         <run_address>0x7578</run_address>
         <size>0x4</size>
         <input_file_ref idref="fl-34"/>
      </object_component>
      <object_component id="oc-40e">
         <name>.cinit..data.load</name>
         <load_address>0x7580</load_address>
         <run_address>0x7580</run_address>
         <size>0x85</size>
      </object_component>
      <object_component id="oc-40b">
         <name>__TI_handler_table</name>
         <load_address>0x7608</load_address>
         <run_address>0x7608</run_address>
         <size>0xc</size>
      </object_component>
      <object_component id="oc-40f">
         <name>.cinit..bss.load</name>
         <load_address>0x7618</load_address>
         <run_address>0x7618</run_address>
         <size>0x8</size>
      </object_component>
      <object_component id="oc-40d">
         <name>.cinit..vtable.load</name>
         <load_address>0x7620</load_address>
         <run_address>0x7620</run_address>
         <size>0x8</size>
      </object_component>
      <object_component id="oc-40c">
         <name>__TI_cinit_table</name>
         <load_address>0x7628</load_address>
         <run_address>0x7628</run_address>
         <size>0x18</size>
      </object_component>
      <object_component id="oc-246">
         <name>.vtable</name>
         <uninitialized>true</uninitialized>
         <run_address>0x20000000</run_address>
         <size>0x26c</size>
         <input_file_ref idref="fl-1e"/>
      </object_component>
      <object_component id="oc-1df">
         <name>.data</name>
         <load_address>0x20005fe8</load_address>
         <run_address>0x20005fe8</run_address>
         <size>0x1</size>
         <input_file_ref idref="fl-2"/>
      </object_component>
      <object_component id="oc-2ad">
         <name>.data:g_psCmdTable</name>
         <load_address>0x20005ee8</load_address>
         <run_address>0x20005ee8</run_address>
         <size>0x54</size>
         <input_file_ref idref="fl-3"/>
      </object_component>
      <object_component id="oc-8b">
         <name>.data</name>
         <load_address>0x20005f3c</load_address>
         <run_address>0x20005f3c</run_address>
         <size>0x3c</size>
         <input_file_ref idref="fl-9"/>
      </object_component>
      <object_component id="oc-98">
         <name>.data</name>
         <load_address>0x20005fd8</load_address>
         <run_address>0x20005fd8</run_address>
         <size>0x4</size>
         <input_file_ref idref="fl-b"/>
      </object_component>
      <object_component id="oc-20a">
         <name>.data</name>
         <load_address>0x20005fa8</load_address>
         <run_address>0x20005fa8</run_address>
         <size>0x10</size>
         <input_file_ref idref="fl-d"/>
      </object_component>
      <object_component id="oc-2a2">
         <name>.data</name>
         <load_address>0x20005fdc</load_address>
         <run_address>0x20005fdc</run_address>
         <size>0x4</size>
         <input_file_ref idref="fl-30"/>
      </object_component>
      <object_component id="oc-278">
         <name>.data:g_pui32CPUUsageTimerPeriph</name>
         <load_address>0x20005f90</load_address>
         <run_address>0x20005f90</run_address>
         <size>0x18</size>
         <input_file_ref idref="fl-33"/>
      </object_component>
      <object_component id="oc-272">
         <name>.data:g_pui32CPUUsageTimerBase</name>
         <load_address>0x20005f78</load_address>
         <run_address>0x20005f78</run_address>
         <size>0x18</size>
         <input_file_ref idref="fl-33"/>
      </object_component>
      <object_component id="oc-b3">
         <name>.data</name>
         <load_address>0x20005fc4</load_address>
         <run_address>0x20005fc4</run_address>
         <size>0xc</size>
         <input_file_ref idref="fl-34"/>
      </object_component>
      <object_component id="oc-111">
         <name>.data:$O1$$</name>
         <load_address>0x20005fb8</load_address>
         <run_address>0x20005fb8</run_address>
         <size>0xc</size>
         <input_file_ref idref="fl-f2"/>
      </object_component>
      <object_component id="oc-86">
         <name>.data</name>
         <load_address>0x20005fe4</load_address>
         <run_address>0x20005fe4</run_address>
         <size>0x4</size>
         <input_file_ref idref="fl-f9"/>
      </object_component>
      <object_component id="oc-114">
         <name>.data:$O1$$</name>
         <load_address>0x20005fd0</load_address>
         <run_address>0x20005fd0</run_address>
         <size>0x8</size>
         <input_file_ref idref="fl-ff"/>
      </object_component>
      <object_component id="oc-3b7">
         <name>.data</name>
         <load_address>0x20005fe0</load_address>
         <run_address>0x20005fe0</run_address>
         <size>0x4</size>
         <input_file_ref idref="fl-114"/>
      </object_component>
      <object_component id="oc-132">
         <name>.bss:pxReadyTasksLists</name>
         <uninitialized>true</uninitialized>
         <run_address>0x2000546c</run_address>
         <size>0x140</size>
         <input_file_ref idref="fl-9"/>
      </object_component>
      <object_component id="oc-166">
         <name>.bss:xDelayedTaskList1</name>
         <uninitialized>true</uninitialized>
         <run_address>0x20005640</run_address>
         <size>0x14</size>
         <input_file_ref idref="fl-9"/>
      </object_component>
      <object_component id="oc-169">
         <name>.bss:xDelayedTaskList2</name>
         <uninitialized>true</uninitialized>
         <run_address>0x20005654</run_address>
         <size>0x14</size>
         <input_file_ref idref="fl-9"/>
      </object_component>
      <object_component id="oc-138">
         <name>.bss</name>
         <uninitialized>true</uninitialized>
         <run_address>0x200056cc</run_address>
         <size>0x8</size>
         <input_file_ref idref="fl-9"/>
      </object_component>
      <object_component id="oc-14b">
         <name>.bss:xPendingReadyList</name>
         <uninitialized>true</uninitialized>
         <run_address>0x20005668</run_address>
         <size>0x14</size>
         <input_file_ref idref="fl-9"/>
      </object_component>
      <object_component id="oc-135">
         <name>.bss:xTasksWaitingTermination</name>
         <uninitialized>true</uninitialized>
         <run_address>0x20005690</run_address>
         <size>0x14</size>
         <input_file_ref idref="fl-9"/>
      </object_component>
      <object_component id="oc-13b">
         <name>.bss:xSuspendedTaskList</name>
         <uninitialized>true</uninitialized>
         <run_address>0x2000567c</run_address>
         <size>0x14</size>
         <input_file_ref idref="fl-9"/>
      </object_component>
      <object_component id="oc-213">
         <name>.bss:ucHeap</name>
         <uninitialized>true</uninitialized>
         <run_address>0x2000026c</run_address>
         <size>0x5000</size>
         <input_file_ref idref="fl-d"/>
      </object_component>
      <object_component id="oc-210">
         <name>.bss:xStart</name>
         <uninitialized>true</uninitialized>
         <run_address>0x200056d4</run_address>
         <size>0x8</size>
         <input_file_ref idref="fl-d"/>
      </object_component>
      <object_component id="oc-29f">
         <name>.bss:g_ui32Colors</name>
         <uninitialized>true</uninitialized>
         <run_address>0x200056c0</run_address>
         <size>0xc</size>
         <input_file_ref idref="fl-30"/>
      </object_component>
      <object_component id="oc-29e">
         <name>.bss</name>
         <uninitialized>true</uninitialized>
         <run_address>0x200056dc</run_address>
         <size>0x4</size>
         <input_file_ref idref="fl-30"/>
      </object_component>
      <object_component id="oc-387">
         <name>.bss:g_ppcArgv</name>
         <uninitialized>true</uninitialized>
         <run_address>0x200055fc</run_address>
         <size>0x24</size>
         <input_file_ref idref="fl-32"/>
      </object_component>
      <object_component id="oc-275">
         <name>.bss</name>
         <uninitialized>true</uninitialized>
         <run_address>0x200056b4</run_address>
         <size>0xc</size>
         <input_file_ref idref="fl-33"/>
      </object_component>
      <object_component id="oc-b6">
         <name>.bss</name>
         <uninitialized>true</uninitialized>
         <run_address>0x200056a4</run_address>
         <size>0x10</size>
         <input_file_ref idref="fl-34"/>
      </object_component>
      <object_component id="oc-c5">
         <name>.bss:g_pcUARTRxHistoryBuffer</name>
         <uninitialized>true</uninitialized>
         <run_address>0x2000526c</run_address>
         <size>0x200</size>
         <input_file_ref idref="fl-34"/>
      </object_component>
      <object_component id="oc-c2">
         <name>.bss:g_usUARTRxHistoryOffset</name>
         <uninitialized>true</uninitialized>
         <run_address>0x20005620</run_address>
         <size>0x20</size>
         <input_file_ref idref="fl-34"/>
      </object_component>
      <object_component id="oc-1e0">
         <name>.common:g_ui32CPUUsage</name>
         <uninitialized>true</uninitialized>
         <run_address>0x200056e0</run_address>
         <size>0x4</size>
      </object_component>
      <object_component id="oc-1e1">
         <name>.common:g_ui32SystemClock</name>
         <uninitialized>true</uninitialized>
         <run_address>0x200056e4</run_address>
         <size>0x4</size>
      </object_component>
      <object_component id="oc-182">
         <name>.common:xQueueRegistry</name>
         <uninitialized>true</uninitialized>
         <run_address>0x200055ac</run_address>
         <size>0x50</size>
      </object_component>
      <object_component id="oc-2a">
         <name>.stack</name>
         <uninitialized>true</uninitialized>
         <run_address>0x200056e8</run_address>
         <size>0x0</size>
         <input_file_ref idref="fl-ee"/>
      </object_component>
      <object_component id="oc-410">
         <name>.stack</name>
         <uninitialized>true</uninitialized>
         <run_address>0x200056e8</run_address>
         <size>0x0</size>
      </object_component>
      <object_component id="oc-180">
         <name>.debug_info</name>
         <load_address>0x0</load_address>
         <run_address>0x0</run_address>
         <size>0x63d</size>
         <input_file_ref idref="fl-2"/>
      </object_component>
      <object_component id="oc-10a">
         <name>.debug_info</name>
         <load_address>0x63d</load_address>
         <run_address>0x63d</run_address>
         <size>0x453</size>
         <input_file_ref idref="fl-2"/>
      </object_component>
      <object_component id="oc-11f">
         <name>.debug_info</name>
         <load_address>0xa90</load_address>
         <run_address>0xa90</run_address>
         <size>0x30c</size>
         <input_file_ref idref="fl-2"/>
      </object_component>
      <object_component id="oc-17b">
         <name>.debug_info</name>
         <load_address>0xd9c</load_address>
         <run_address>0xd9c</run_address>
         <size>0x3cd</size>
         <input_file_ref idref="fl-2"/>
      </object_component>
      <object_component id="oc-d6">
         <name>.debug_info</name>
         <load_address>0x1169</load_address>
         <run_address>0x1169</run_address>
         <size>0x8b</size>
         <input_file_ref idref="fl-2"/>
      </object_component>
      <object_component id="oc-186">
         <name>.debug_info</name>
         <load_address>0x11f4</load_address>
         <run_address>0x11f4</run_address>
         <size>0x46</size>
         <input_file_ref idref="fl-2"/>
      </object_component>
      <object_component id="oc-9d">
         <name>.debug_info</name>
         <load_address>0x123a</load_address>
         <run_address>0x123a</run_address>
         <size>0x2c</size>
         <input_file_ref idref="fl-2"/>
      </object_component>
      <object_component id="oc-d1">
         <name>.debug_info</name>
         <load_address>0x1266</load_address>
         <run_address>0x1266</run_address>
         <size>0x18b</size>
         <input_file_ref idref="fl-2"/>
      </object_component>
      <object_component id="oc-a2">
         <name>.debug_info</name>
         <load_address>0x13f1</load_address>
         <run_address>0x13f1</run_address>
         <size>0x53</size>
         <input_file_ref idref="fl-2"/>
      </object_component>
      <object_component id="oc-dc">
         <name>.debug_info</name>
         <load_address>0x1444</load_address>
         <run_address>0x1444</run_address>
         <size>0x4e</size>
         <input_file_ref idref="fl-2"/>
      </object_component>
      <object_component id="oc-176">
         <name>.debug_info</name>
         <load_address>0x1492</load_address>
         <run_address>0x1492</run_address>
         <size>0x14c</size>
         <input_file_ref idref="fl-2"/>
      </object_component>
      <object_component id="oc-2b7">
         <name>.debug_info</name>
         <load_address>0x15de</load_address>
         <run_address>0x15de</run_address>
         <size>0x6d8</size>
         <input_file_ref idref="fl-3"/>
      </object_component>
      <object_component id="oc-2ae">
         <name>.debug_info</name>
         <load_address>0x1cb6</load_address>
         <run_address>0x1cb6</run_address>
         <size>0xdc</size>
         <input_file_ref idref="fl-3"/>
      </object_component>
      <object_component id="oc-1e3">
         <name>.debug_info</name>
         <load_address>0x1d92</load_address>
         <run_address>0x1d92</run_address>
         <size>0x970</size>
         <input_file_ref idref="fl-3"/>
      </object_component>
      <object_component id="oc-38e">
         <name>.debug_info</name>
         <load_address>0x2702</load_address>
         <run_address>0x2702</run_address>
         <size>0x7f</size>
         <input_file_ref idref="fl-3"/>
      </object_component>
      <object_component id="oc-393">
         <name>.debug_info</name>
         <load_address>0x2781</load_address>
         <run_address>0x2781</run_address>
         <size>0xc8</size>
         <input_file_ref idref="fl-3"/>
      </object_component>
      <object_component id="oc-4b">
         <name>.debug_info</name>
         <load_address>0x2849</load_address>
         <run_address>0x2849</run_address>
         <size>0x84</size>
         <input_file_ref idref="fl-3"/>
      </object_component>
      <object_component id="oc-44">
         <name>.debug_info</name>
         <load_address>0x28cd</load_address>
         <run_address>0x28cd</run_address>
         <size>0x35b</size>
         <input_file_ref idref="fl-4"/>
      </object_component>
      <object_component id="oc-10">
         <name>.debug_info</name>
         <load_address>0x2c28</load_address>
         <run_address>0x2c28</run_address>
         <size>0xde</size>
         <input_file_ref idref="fl-4"/>
      </object_component>
      <object_component id="oc-2c">
         <name>.debug_info</name>
         <load_address>0x2d06</load_address>
         <run_address>0x2d06</run_address>
         <size>0x1fe</size>
         <input_file_ref idref="fl-4"/>
      </object_component>
      <object_component id="oc-23c">
         <name>.debug_info</name>
         <load_address>0x2f04</load_address>
         <run_address>0x2f04</run_address>
         <size>0x62f</size>
         <input_file_ref idref="fl-6"/>
      </object_component>
      <object_component id="oc-16d">
         <name>.debug_info</name>
         <load_address>0x3533</load_address>
         <run_address>0x3533</run_address>
         <size>0x110</size>
         <input_file_ref idref="fl-6"/>
      </object_component>
      <object_component id="oc-33c">
         <name>.debug_info</name>
         <load_address>0x3643</load_address>
         <run_address>0x3643</run_address>
         <size>0x39</size>
         <input_file_ref idref="fl-6"/>
      </object_component>
      <object_component id="oc-200">
         <name>.debug_info</name>
         <load_address>0x367c</load_address>
         <run_address>0x367c</run_address>
         <size>0x46</size>
         <input_file_ref idref="fl-6"/>
      </object_component>
      <object_component id="oc-341">
         <name>.debug_info</name>
         <load_address>0x36c2</load_address>
         <run_address>0x36c2</run_address>
         <size>0x76</size>
         <input_file_ref idref="fl-6"/>
      </object_component>
      <object_component id="oc-219">
         <name>.debug_info</name>
         <load_address>0x3738</load_address>
         <run_address>0x3738</run_address>
         <size>0x343</size>
         <input_file_ref idref="fl-7"/>
      </object_component>
      <object_component id="oc-12d">
         <name>.debug_info</name>
         <load_address>0x3a7b</load_address>
         <run_address>0x3a7b</run_address>
         <size>0x4e9</size>
         <input_file_ref idref="fl-7"/>
      </object_component>
      <object_component id="oc-183">
         <name>.debug_info</name>
         <load_address>0x3f64</load_address>
         <run_address>0x3f64</run_address>
         <size>0x6f5</size>
         <input_file_ref idref="fl-8"/>
      </object_component>
      <object_component id="oc-a8">
         <name>.debug_info</name>
         <load_address>0x4659</load_address>
         <run_address>0x4659</run_address>
         <size>0x2529</size>
         <input_file_ref idref="fl-8"/>
      </object_component>
      <object_component id="oc-241">
         <name>.debug_info</name>
         <load_address>0x6b82</load_address>
         <run_address>0x6b82</run_address>
         <size>0x1cd</size>
         <input_file_ref idref="fl-8"/>
      </object_component>
      <object_component id="oc-11e">
         <name>.debug_info</name>
         <load_address>0x6d4f</load_address>
         <run_address>0x6d4f</run_address>
         <size>0x91e</size>
         <input_file_ref idref="fl-9"/>
      </object_component>
      <object_component id="oc-8c">
         <name>.debug_info</name>
         <load_address>0x766d</load_address>
         <run_address>0x766d</run_address>
         <size>0x3b1</size>
         <input_file_ref idref="fl-9"/>
      </object_component>
      <object_component id="oc-133">
         <name>.debug_info</name>
         <load_address>0x7a1e</load_address>
         <run_address>0x7a1e</run_address>
         <size>0xf2</size>
         <input_file_ref idref="fl-9"/>
      </object_component>
      <object_component id="oc-167">
         <name>.debug_info</name>
         <load_address>0x7b10</load_address>
         <run_address>0x7b10</run_address>
         <size>0xf2</size>
         <input_file_ref idref="fl-9"/>
      </object_component>
      <object_component id="oc-16a">
         <name>.debug_info</name>
         <load_address>0x7c02</load_address>
         <run_address>0x7c02</run_address>
         <size>0xf2</size>
         <input_file_ref idref="fl-9"/>
      </object_component>
      <object_component id="oc-139">
         <name>.debug_info</name>
         <load_address>0x7cf4</load_address>
         <run_address>0x7cf4</run_address>
         <size>0x135</size>
         <input_file_ref idref="fl-9"/>
      </object_component>
      <object_component id="oc-14c">
         <name>.debug_info</name>
         <load_address>0x7e29</load_address>
         <run_address>0x7e29</run_address>
         <size>0xf2</size>
         <input_file_ref idref="fl-9"/>
      </object_component>
      <object_component id="oc-136">
         <name>.debug_info</name>
         <load_address>0x7f1b</load_address>
         <run_address>0x7f1b</run_address>
         <size>0x100</size>
         <input_file_ref idref="fl-9"/>
      </object_component>
      <object_component id="oc-13c">
         <name>.debug_info</name>
         <load_address>0x801b</load_address>
         <run_address>0x801b</run_address>
         <size>0xf4</size>
         <input_file_ref idref="fl-9"/>
      </object_component>
      <object_component id="oc-92">
         <name>.debug_info</name>
         <load_address>0x810f</load_address>
         <run_address>0x810f</run_address>
         <size>0x47fc</size>
         <input_file_ref idref="fl-9"/>
      </object_component>
      <object_component id="oc-205">
         <name>.debug_info</name>
         <load_address>0xc90b</load_address>
         <run_address>0xc90b</run_address>
         <size>0x131</size>
         <input_file_ref idref="fl-9"/>
      </object_component>
      <object_component id="oc-9c">
         <name>.debug_info</name>
         <load_address>0xca3c</load_address>
         <run_address>0xca3c</run_address>
         <size>0x419</size>
         <input_file_ref idref="fl-b"/>
      </object_component>
      <object_component id="oc-8f">
         <name>.debug_info</name>
         <load_address>0xce55</load_address>
         <run_address>0xce55</run_address>
         <size>0x11f</size>
         <input_file_ref idref="fl-b"/>
      </object_component>
      <object_component id="oc-99">
         <name>.debug_info</name>
         <load_address>0xcf74</load_address>
         <run_address>0xcf74</run_address>
         <size>0x106</size>
         <input_file_ref idref="fl-b"/>
      </object_component>
      <object_component id="oc-37">
         <name>.debug_info</name>
         <load_address>0xd07a</load_address>
         <run_address>0xd07a</run_address>
         <size>0x726</size>
         <input_file_ref idref="fl-b"/>
      </object_component>
      <object_component id="oc-32">
         <name>.debug_info</name>
         <load_address>0xd7a0</load_address>
         <run_address>0xd7a0</run_address>
         <size>0x257</size>
         <input_file_ref idref="fl-c"/>
      </object_component>
      <object_component id="oc-217">
         <name>.debug_info</name>
         <load_address>0xd9f7</load_address>
         <run_address>0xd9f7</run_address>
         <size>0x3ec</size>
         <input_file_ref idref="fl-d"/>
      </object_component>
      <object_component id="oc-214">
         <name>.debug_info</name>
         <load_address>0xdde3</load_address>
         <run_address>0xdde3</run_address>
         <size>0xed</size>
         <input_file_ref idref="fl-d"/>
      </object_component>
      <object_component id="oc-20e">
         <name>.debug_info</name>
         <load_address>0xded0</load_address>
         <run_address>0xded0</run_address>
         <size>0xff</size>
         <input_file_ref idref="fl-d"/>
      </object_component>
      <object_component id="oc-211">
         <name>.debug_info</name>
         <load_address>0xdfcf</load_address>
         <run_address>0xdfcf</run_address>
         <size>0xed</size>
         <input_file_ref idref="fl-d"/>
      </object_component>
      <object_component id="oc-20b">
         <name>.debug_info</name>
         <load_address>0xe0bc</load_address>
         <run_address>0xe0bc</run_address>
         <size>0x1a1</size>
         <input_file_ref idref="fl-d"/>
      </object_component>
      <object_component id="oc-127">
         <name>.debug_info</name>
         <load_address>0xe25d</load_address>
         <run_address>0xe25d</run_address>
         <size>0x7f3</size>
         <input_file_ref idref="fl-d"/>
      </object_component>
      <object_component id="oc-2c1">
         <name>.debug_info</name>
         <load_address>0xea50</load_address>
         <run_address>0xea50</run_address>
         <size>0x62</size>
         <input_file_ref idref="fl-d"/>
      </object_component>
      <object_component id="oc-14f">
         <name>.debug_info</name>
         <load_address>0xeab2</load_address>
         <run_address>0xeab2</run_address>
         <size>0x312</size>
         <input_file_ref idref="fl-12"/>
      </object_component>
      <object_component id="oc-289">
         <name>.debug_info</name>
         <load_address>0xedc4</load_address>
         <run_address>0xedc4</run_address>
         <size>0x33f</size>
         <input_file_ref idref="fl-1b"/>
      </object_component>
      <object_component id="oc-27d">
         <name>.debug_info</name>
         <load_address>0xf103</load_address>
         <run_address>0xf103</run_address>
         <size>0xfc</size>
         <input_file_ref idref="fl-1b"/>
      </object_component>
      <object_component id="oc-280">
         <name>.debug_info</name>
         <load_address>0xf1ff</load_address>
         <run_address>0xf1ff</run_address>
         <size>0x14a</size>
         <input_file_ref idref="fl-1b"/>
      </object_component>
      <object_component id="oc-283">
         <name>.debug_info</name>
         <load_address>0xf349</load_address>
         <run_address>0xf349</run_address>
         <size>0xfe</size>
         <input_file_ref idref="fl-1b"/>
      </object_component>
      <object_component id="oc-286">
         <name>.debug_info</name>
         <load_address>0xf447</load_address>
         <run_address>0xf447</run_address>
         <size>0xf0</size>
         <input_file_ref idref="fl-1b"/>
      </object_component>
      <object_component id="oc-1ce">
         <name>.debug_info</name>
         <load_address>0xf537</load_address>
         <run_address>0xf537</run_address>
         <size>0x2b91</size>
         <input_file_ref idref="fl-1b"/>
      </object_component>
      <object_component id="oc-25c">
         <name>.debug_info</name>
         <load_address>0x120c8</load_address>
         <run_address>0x120c8</run_address>
         <size>0x327</size>
         <input_file_ref idref="fl-1e"/>
      </object_component>
      <object_component id="oc-24a">
         <name>.debug_info</name>
         <load_address>0x123ef</load_address>
         <run_address>0x123ef</run_address>
         <size>0xeb</size>
         <input_file_ref idref="fl-1e"/>
      </object_component>
      <object_component id="oc-24d">
         <name>.debug_info</name>
         <load_address>0x124da</load_address>
         <run_address>0x124da</run_address>
         <size>0xe3</size>
         <input_file_ref idref="fl-1e"/>
      </object_component>
      <object_component id="oc-250">
         <name>.debug_info</name>
         <load_address>0x125bd</load_address>
         <run_address>0x125bd</run_address>
         <size>0xe7</size>
         <input_file_ref idref="fl-1e"/>
      </object_component>
      <object_component id="oc-253">
         <name>.debug_info</name>
         <load_address>0x126a4</load_address>
         <run_address>0x126a4</run_address>
         <size>0xed</size>
         <input_file_ref idref="fl-1e"/>
      </object_component>
      <object_component id="oc-256">
         <name>.debug_info</name>
         <load_address>0x12791</load_address>
         <run_address>0x12791</run_address>
         <size>0xeb</size>
         <input_file_ref idref="fl-1e"/>
      </object_component>
      <object_component id="oc-259">
         <name>.debug_info</name>
         <load_address>0x1287c</load_address>
         <run_address>0x1287c</run_address>
         <size>0xef</size>
         <input_file_ref idref="fl-1e"/>
      </object_component>
      <object_component id="oc-247">
         <name>.debug_info</name>
         <load_address>0x1296b</load_address>
         <run_address>0x1296b</run_address>
         <size>0xec</size>
         <input_file_ref idref="fl-1e"/>
      </object_component>
      <object_component id="oc-18c">
         <name>.debug_info</name>
         <load_address>0x12a57</load_address>
         <run_address>0x12a57</run_address>
         <size>0xb6a</size>
         <input_file_ref idref="fl-1e"/>
      </object_component>
      <object_component id="oc-298">
         <name>.debug_info</name>
         <load_address>0x135c1</load_address>
         <run_address>0x135c1</run_address>
         <size>0x3ac</size>
         <input_file_ref idref="fl-27"/>
      </object_component>
      <object_component id="oc-292">
         <name>.debug_info</name>
         <load_address>0x1396d</load_address>
         <run_address>0x1396d</run_address>
         <size>0xe2</size>
         <input_file_ref idref="fl-27"/>
      </object_component>
      <object_component id="oc-295">
         <name>.debug_info</name>
         <load_address>0x13a4f</load_address>
         <run_address>0x13a4f</run_address>
         <size>0xee</size>
         <input_file_ref idref="fl-27"/>
      </object_component>
      <object_component id="oc-28b">
         <name>.debug_info</name>
         <load_address>0x13b3d</load_address>
         <run_address>0x13b3d</run_address>
         <size>0xe8</size>
         <input_file_ref idref="fl-27"/>
      </object_component>
      <object_component id="oc-28f">
         <name>.debug_info</name>
         <load_address>0x13c25</load_address>
         <run_address>0x13c25</run_address>
         <size>0xf5</size>
         <input_file_ref idref="fl-27"/>
      </object_component>
      <object_component id="oc-1d4">
         <name>.debug_info</name>
         <load_address>0x13d1a</load_address>
         <run_address>0x13d1a</run_address>
         <size>0x2a55</size>
         <input_file_ref idref="fl-27"/>
      </object_component>
      <object_component id="oc-371">
         <name>.debug_info</name>
         <load_address>0x1676f</load_address>
         <run_address>0x1676f</run_address>
         <size>0x51</size>
         <input_file_ref idref="fl-27"/>
      </object_component>
      <object_component id="oc-2d6">
         <name>.debug_info</name>
         <load_address>0x167c0</load_address>
         <run_address>0x167c0</run_address>
         <size>0x33c</size>
         <input_file_ref idref="fl-2a"/>
      </object_component>
      <object_component id="oc-2cd">
         <name>.debug_info</name>
         <load_address>0x16afc</load_address>
         <run_address>0x16afc</run_address>
         <size>0xef</size>
         <input_file_ref idref="fl-2a"/>
      </object_component>
      <object_component id="oc-2d0">
         <name>.debug_info</name>
         <load_address>0x16beb</load_address>
         <run_address>0x16beb</run_address>
         <size>0x13b</size>
         <input_file_ref idref="fl-2a"/>
      </object_component>
      <object_component id="oc-2d3">
         <name>.debug_info</name>
         <load_address>0x16d26</load_address>
         <run_address>0x16d26</run_address>
         <size>0x101</size>
         <input_file_ref idref="fl-2a"/>
      </object_component>
      <object_component id="oc-223">
         <name>.debug_info</name>
         <load_address>0x16e27</load_address>
         <run_address>0x16e27</run_address>
         <size>0x2369</size>
         <input_file_ref idref="fl-2a"/>
      </object_component>
      <object_component id="oc-19b">
         <name>.debug_info</name>
         <load_address>0x19190</load_address>
         <run_address>0x19190</run_address>
         <size>0x331</size>
         <input_file_ref idref="fl-2b"/>
      </object_component>
      <object_component id="oc-192">
         <name>.debug_info</name>
         <load_address>0x194c1</load_address>
         <run_address>0x194c1</run_address>
         <size>0xec</size>
         <input_file_ref idref="fl-2b"/>
      </object_component>
      <object_component id="oc-195">
         <name>.debug_info</name>
         <load_address>0x195ad</load_address>
         <run_address>0x195ad</run_address>
         <size>0x136</size>
         <input_file_ref idref="fl-2b"/>
      </object_component>
      <object_component id="oc-198">
         <name>.debug_info</name>
         <load_address>0x196e3</load_address>
         <run_address>0x196e3</run_address>
         <size>0xfe</size>
         <input_file_ref idref="fl-2b"/>
      </object_component>
      <object_component id="oc-ae">
         <name>.debug_info</name>
         <load_address>0x197e1</load_address>
         <run_address>0x197e1</run_address>
         <size>0x2671</size>
         <input_file_ref idref="fl-2b"/>
      </object_component>
      <object_component id="oc-2a6">
         <name>.debug_info</name>
         <load_address>0x1be52</load_address>
         <run_address>0x1be52</run_address>
         <size>0x297</size>
         <input_file_ref idref="fl-30"/>
      </object_component>
      <object_component id="oc-2a0">
         <name>.debug_info</name>
         <load_address>0x1c0e9</load_address>
         <run_address>0x1c0e9</run_address>
         <size>0xdd</size>
         <input_file_ref idref="fl-30"/>
      </object_component>
      <object_component id="oc-2a3">
         <name>.debug_info</name>
         <load_address>0x1c1c6</load_address>
         <run_address>0x1c1c6</run_address>
         <size>0xdd</size>
         <input_file_ref idref="fl-30"/>
      </object_component>
      <object_component id="oc-1da">
         <name>.debug_info</name>
         <load_address>0x1c2a3</load_address>
         <run_address>0x1c2a3</run_address>
         <size>0x756</size>
         <input_file_ref idref="fl-30"/>
      </object_component>
      <object_component id="oc-13f">
         <name>.debug_info</name>
         <load_address>0x1c9f9</load_address>
         <run_address>0x1c9f9</run_address>
         <size>0x196</size>
         <input_file_ref idref="fl-31"/>
      </object_component>
      <object_component id="oc-145">
         <name>.debug_info</name>
         <load_address>0x1cb8f</load_address>
         <run_address>0x1cb8f</run_address>
         <size>0x152</size>
         <input_file_ref idref="fl-31"/>
      </object_component>
      <object_component id="oc-38b">
         <name>.debug_info</name>
         <load_address>0x1cce1</load_address>
         <run_address>0x1cce1</run_address>
         <size>0x2ee</size>
         <input_file_ref idref="fl-32"/>
      </object_component>
      <object_component id="oc-388">
         <name>.debug_info</name>
         <load_address>0x1cfcf</load_address>
         <run_address>0x1cfcf</run_address>
         <size>0xd9</size>
         <input_file_ref idref="fl-32"/>
      </object_component>
      <object_component id="oc-2b1">
         <name>.debug_info</name>
         <load_address>0x1d0a8</load_address>
         <run_address>0x1d0a8</run_address>
         <size>0x1b5</size>
         <input_file_ref idref="fl-32"/>
      </object_component>
      <object_component id="oc-f2">
         <name>.debug_info</name>
         <load_address>0x1d25d</load_address>
         <run_address>0x1d25d</run_address>
         <size>0x2c</size>
         <input_file_ref idref="fl-32"/>
      </object_component>
      <object_component id="oc-358">
         <name>.debug_info</name>
         <load_address>0x1d289</load_address>
         <run_address>0x1d289</run_address>
         <size>0x261</size>
         <input_file_ref idref="fl-33"/>
      </object_component>
      <object_component id="oc-279">
         <name>.debug_info</name>
         <load_address>0x1d4ea</load_address>
         <run_address>0x1d4ea</run_address>
         <size>0xfd</size>
         <input_file_ref idref="fl-33"/>
      </object_component>
      <object_component id="oc-273">
         <name>.debug_info</name>
         <load_address>0x1d5e7</load_address>
         <run_address>0x1d5e7</run_address>
         <size>0xf9</size>
         <input_file_ref idref="fl-33"/>
      </object_component>
      <object_component id="oc-276">
         <name>.debug_info</name>
         <load_address>0x1d6e0</load_address>
         <run_address>0x1d6e0</run_address>
         <size>0x161</size>
         <input_file_ref idref="fl-33"/>
      </object_component>
      <object_component id="oc-1c8">
         <name>.debug_info</name>
[...]
      <symbol id="sm-863">
         <name>UARTIntDisable</name>
         <value>0x5353</value>
         <object_component_ref idref="oc-ad"/>
      </symbol>
      <symbol id="sm-864">
         <name>UARTCharPut</name>
         <value>0x52f9</value>
         <object_component_ref idref="oc-ad"/>
      </symbol>
      <symbol id="sm-865">
         <name>UARTParityModeSet</name>
         <value>0x513d</value>
         <object_component_ref idref="oc-ad"/>
      </symbol>
      <symbol id="sm-866">
         <name>UARTRxErrorGet</name>
         <value>0x537d</value>
         <object_component_ref idref="oc-ad"/>
      </symbol>
      <symbol id="sm-867">
         <name>UARTConfigGetExpClk</name>
         <value>0x51b1</value>
         <object_component_ref idref="oc-ad"/>
      </symbol>
      <symbol id="sm-868">
         <name>UARTEnableSIR</name>
         <value>0x5219</value>
         <object_component_ref idref="oc-ad"/>
      </symbol>
      <symbol id="sm-869">
         <name>UARTEnable</name>
         <value>0x51d9</value>
         <object_component_ref idref="oc-ad"/>
      </symbol>
      <symbol id="sm-86a">
         <name>UART9BitAddrSend</name>
         <value>0x53bd</value>
         <object_component_ref idref="oc-ad"/>
      </symbol>
      <symbol id="sm-86b">
         <name>UARTModemControlGet</name>
         <value>0x5279</value>
         <object_component_ref idref="oc-ad"/>
      </symbol>
      <symbol id="sm-86c">
         <name>UARTSmartCardEnable</name>
         <value>0x523b</value>
         <object_component_ref idref="oc-ad"/>
      </symbol>
      <symbol id="sm-86d">
         <name>UARTFlowControlGet</name>
         <value>0x5297</value>
         <object_component_ref idref="oc-ad"/>
      </symbol>
      <symbol id="sm-86e">
         <name>UARTFIFOEnable</name>
         <value>0x5205</value>
         <object_component_ref idref="oc-ad"/>
      </symbol>
      <symbol id="sm-86f">
         <name>UARTIntClear</name>
         <value>0x5367</value>
         <object_component_ref idref="oc-ad"/>
      </symbol>
      <symbol id="sm-870">
         <name>UARTIntStatus</name>
         <value>0x535d</value>
         <object_component_ref idref="oc-ad"/>
      </symbol>
      <symbol id="sm-871">
         <name>UARTDMADisable</name>
         <value>0x5373</value>
         <object_component_ref idref="oc-ad"/>
      </symbol>
      <symbol id="sm-872">
         <name>UART9BitEnable</name>
         <value>0x5397</value>
         <object_component_ref idref="oc-ad"/>
      </symbol>
      <symbol id="sm-873">
         <name>UARTSpaceAvail</name>
         <value>0x52c1</value>
         <object_component_ref idref="oc-ad"/>
      </symbol>
      <symbol id="sm-874">
         <name>UARTCharGet</name>
         <value>0x52df</value>
         <object_component_ref idref="oc-ad"/>
      </symbol>
      <symbol id="sm-875">
         <name>UARTFIFOLevelSet</name>
         <value>0x5151</value>
         <object_component_ref idref="oc-ad"/>
      </symbol>
      <symbol id="sm-876">
         <name>UARTModemControlClear</name>
         <value>0x5267</value>
         <object_component_ref idref="oc-ad"/>
      </symbol>
      <symbol id="sm-877">
         <name>UARTParityModeGet</name>
         <value>0x5149</value>
         <object_component_ref idref="oc-ad"/>
      </symbol>
      <symbol id="sm-878">
         <name>UARTIntRegister</name>
         <value>0x531f</value>
         <object_component_ref idref="oc-ad"/>
      </symbol>
      <symbol id="sm-879">
         <name>UARTBreakCtl</name>
         <value>0x5303</value>
         <object_component_ref idref="oc-ad"/>
      </symbol>
      <symbol id="sm-87a">
         <name>UART9BitAddrSet</name>
         <value>0x53b3</value>
         <object_component_ref idref="oc-ad"/>
      </symbol>
      <symbol id="sm-8c0">
         <name>RGBDisable</name>
         <value>0x4c19</value>
         <object_component_ref idref="oc-1d9"/>
      </symbol>
      <symbol id="sm-8c1">
         <name>RGBBlinkRateSet</name>
         <value>0x4d1b</value>
         <object_component_ref idref="oc-1d9"/>
      </symbol>
      <symbol id="sm-8c2">
         <name>RGBIntensitySet</name>
         <value>0x4d0f</value>
         <object_component_ref idref="oc-1d9"/>
      </symbol>
      <symbol id="sm-8c3">
         <name>RGBBlinkIntHandler</name>
         <value>0x4a61</value>
         <object_component_ref idref="oc-1d9"/>
      </symbol>
      <symbol id="sm-8c4">
         <name>RGBEnable</name>
         <value>0x4b6f</value>
         <object_component_ref idref="oc-1d9"/>
      </symbol>
      <symbol id="sm-8c5">
         <name>RGBColorGet</name>
         <value>0x4d87</value>
         <object_component_ref idref="oc-1d9"/>
      </symbol>
      <symbol id="sm-8c6">
         <name>RGBInit</name>
         <value>0x4a8b</value>
         <object_component_ref idref="oc-1d9"/>
      </symbol>
      <symbol id="sm-8c7">
         <name>RGBColorSet</name>
         <value>0x4c91</value>
         <object_component_ref idref="oc-1d9"/>
      </symbol>
      <symbol id="sm-8c8">
         <name>RGBSet</name>
         <value>0x4c75</value>
         <object_component_ref idref="oc-1d9"/>
      </symbol>
      <symbol id="sm-8e2">
         <name>GetOverflowCounts</name>
         <value>0x6b9d</value>
         <object_component_ref idref="oc-144"/>
      </symbol>
      <symbol id="sm-8e3">
         <name>vConfigureTimerForRunTimeStats</name>
         <value>0x66ed</value>
         <object_component_ref idref="oc-13e"/>
      </symbol>
      <symbol id="sm-908">
         <name>CmdLineProcess</name>
         <value>0x6751</value>
         <object_component_ref idref="oc-2b0"/>
      </symbol>
      <symbol id="sm-934">
         <name>CPUUsageInit</name>
         <value>0x62d1</value>
         <object_component_ref idref="oc-1c7"/>
      </symbol>
      <symbol id="sm-935">
         <name>CPUUsageTick</name>
         <value>0x629d</value>
         <object_component_ref idref="oc-1c7"/>
      </symbol>
      <symbol id="sm-a13">
         <name>UARTTxBytesFree</name>
         <value>0x374f</value>
         <object_component_ref idref="oc-3c"/>
      </symbol>
      <symbol id="sm-a14">
         <name>UARTFlushRx</name>
         <value>0x3757</value>
         <object_component_ref idref="oc-3c"/>
      </symbol>
      <symbol id="sm-a15">
         <name>UARTgetc</name>
         <value>0x34ef</value>
         <object_component_ref idref="oc-3c"/>
      </symbol>
      <symbol id="sm-a16">
         <name>UARTgets</name>
         <value>0x3225</value>
         <object_component_ref idref="oc-3c"/>
      </symbol>
      <symbol id="sm-a17">
         <name>UARTFlushTx</name>
         <value>0x3761</value>
         <object_component_ref idref="oc-3c"/>
      </symbol>
      <symbol id="sm-a18">
         <name>UARTStdioConfig</name>
         <value>0x30e1</value>
         <object_component_ref idref="oc-3c"/>
      </symbol>
      <symbol id="sm-a19">
         <name>UARTStdioIntHandler</name>
         <value>0x3799</value>
         <object_component_ref idref="oc-3c"/>
      </symbol>
      <symbol id="sm-a1a">
         <name>UARTRxBytesAvail</name>
         <value>0x3747</value>
         <object_component_ref idref="oc-3c"/>
      </symbol>
      <symbol id="sm-a1b">
         <name>UARTwrite</name>
         <value>0x31a7</value>
         <object_component_ref idref="oc-3c"/>
      </symbol>
      <symbol id="sm-a1c">
         <name>UARTEchoSet</name>
         <value>0x377f</value>
         <object_component_ref idref="oc-3c"/>
      </symbol>
      <symbol id="sm-a1d">
         <name>UARTprintf</name>
         <value>0x372d</value>
         <object_component_ref idref="oc-3c"/>
      </symbol>
      <symbol id="sm-a1e">
         <name>UARTvprintf</name>
         <value>0x352d</value>
         <object_component_ref idref="oc-3c"/>
      </symbol>
      <symbol id="sm-a2f">
         <name>_c_int00</name>
         <value>0x6879</value>
         <object_component_ref idref="oc-24"/>
      </symbol>
      <symbol id="sm-a30">
         <name>__stack</name>
         <value>0x200056e8</value>
         <object_component_ref idref="oc-2a"/>
      </symbol>
      <symbol id="sm-a4e">
         <name>__TI_decompress_lzss</name>
         <value>0x6685</value>
         <object_component_ref idref="oc-12"/>
      </symbol>
      <symbol id="sm-a65">
         <name>__TI_decompress_none</name>
         <value>0x6c75</value>
         <object_component_ref idref="oc-18"/>
      </symbol>
      <symbol id="sm-a77">
         <name>__TI_zero_init</name>
         <value>0x6c83</value>
         <object_component_ref idref="oc-1e"/>
      </symbol>
      <symbol id="sm-a98">
         <name>C$$EXIT</name>
         <value>0x68cd</value>
         <object_component_ref idref="oc-80"/>
      </symbol>
      <symbol id="sm-a99">
         <name>abort</name>
         <value>0x68d1</value>
         <object_component_ref idref="oc-80"/>
      </symbol>
      <symbol id="sm-a9a">
         <name>exit</name>
         <value>0x68d9</value>
         <object_component_ref idref="oc-80"/>
      </symbol>
      <symbol id="sm-a9b">
         <name>__TI_dtors_ptr</name>
         <value>0x20005fbc</value>
         <object_component_ref idref="oc-111"/>
      </symbol>
      <symbol id="sm-a9c">
         <name>__TI_cleanup_ptr</name>
         <value>0x20005fb8</value>
         <object_component_ref idref="oc-111"/>
      </symbol>
      <symbol id="sm-a9d">
         <name>__TI_enable_exit_profile_output</name>
         <value>0x20005fc0</value>
         <object_component_ref idref="oc-111"/>
      </symbol>
      <symbol id="sm-aa7">
         <name>__aeabi_f2ulz</name>
         <value>0x6975</value>
         <object_component_ref idref="oc-299"/>
      </symbol>
      <symbol id="sm-ac2">
         <name>memcpy</name>
         <value>0x635d</value>
         <object_component_ref idref="oc-50"/>
      </symbol>
      <symbol id="sm-ac3">
         <name>__aeabi_memcpy</name>
         <value>0x635d</value>
         <object_component_ref idref="oc-50"/>
      </symbol>
      <symbol id="sm-ac4">
         <name>__aeabi_memcpy8</name>
         <value>0x635d</value>
         <object_component_ref idref="oc-50"/>
      </symbol>
      <symbol id="sm-ac5">
         <name>__aeabi_memcpy4</name>
         <value>0x635d</value>
         <object_component_ref idref="oc-50"/>
      </symbol>
      <symbol id="sm-ad4">
         <name>__aeabi_memset</name>
         <value>0x659b</value>
         <object_component_ref idref="oc-5c"/>
      </symbol>
      <symbol id="sm-ad5">
         <name>memset</name>
         <value>0x65a1</value>
         <object_component_ref idref="oc-5c"/>
      </symbol>
      <symbol id="sm-ad6">
         <name>__aeabi_memset8</name>
         <value>0x659b</value>
         <object_component_ref idref="oc-5c"/>
      </symbol>
      <symbol id="sm-ad7">
         <name>__aeabi_memset4</name>
         <value>0x659b</value>
         <object_component_ref idref="oc-5c"/>
      </symbol>
      <symbol id="sm-ad8">
         <name>__aeabi_memclr8</name>
         <value>0x6599</value>
         <object_component_ref idref="oc-5c"/>
      </symbol>
      <symbol id="sm-ad9">
         <name>__aeabi_memclr4</name>
         <value>0x6599</value>
         <object_component_ref idref="oc-5c"/>
      </symbol>
      <symbol id="sm-ada">
         <name>__aeabi_memclr</name>
         <value>0x6599</value>
         <object_component_ref idref="oc-5c"/>
      </symbol>
      <symbol id="sm-ae4">
         <name>__mpu_init</name>
         <value>0x4a5f</value>
         <object_component_ref idref="oc-68"/>
      </symbol>
      <symbol id="sm-aee">
         <name>_system_pre_init</name>
         <value>0x6c95</value>
         <object_component_ref idref="oc-6e"/>
      </symbol>
      <symbol id="sm-b07">
         <name>sprintf</name>
         <value>0x6819</value>
         <object_component_ref idref="oc-160"/>
      </symbol>
      <symbol id="sm-b0f">
         <name>main_func_sp</name>
         <value>0x20005fe4</value>
         <object_component_ref idref="oc-86"/>
      </symbol>
      <symbol id="sm-b1e">
         <name>strcmp</name>
         <value>0x6bf5</value>
         <object_component_ref idref="oc-381"/>
      </symbol>
      <symbol id="sm-b2c">
         <name>strcpy</name>
         <value>0x6c4d</value>
         <object_component_ref idref="oc-154"/>
      </symbol>
      <symbol id="sm-b3a">
         <name>strlen</name>
         <value>0x6c61</value>
         <object_component_ref idref="oc-15a"/>
      </symbol>
      <symbol id="sm-b4a">
         <name>strncmp</name>
         <value>0x6b49</value>
         <object_component_ref idref="oc-2a7"/>
      </symbol>
      <symbol id="sm-b59">
         <name>__aeabi_uidivmod</name>
         <value>0x6aa5</value>
         <object_component_ref idref="oc-c8"/>
      </symbol>
      <symbol id="sm-b5a">
         <name>__aeabi_uidiv</name>
         <value>0x6aa5</value>
         <object_component_ref idref="oc-c8"/>
      </symbol>
      <symbol id="sm-b73">
         <name>_nop</name>
         <value>0x6c33</value>
         <object_component_ref idref="oc-1f2"/>
      </symbol>
      <symbol id="sm-b74">
         <name>_lock</name>
         <value>0x20005fd0</value>
         <object_component_ref idref="oc-114"/>
      </symbol>
      <symbol id="sm-b75">
         <name>_unlock</name>
         <value>0x20005fd4</value>
         <object_component_ref idref="oc-114"/>
      </symbol>
      <symbol id="sm-b76">
         <name>_register_lock</name>
         <value>0x6c2b</value>
         <object_component_ref idref="oc-1f2"/>
      </symbol>
      <symbol id="sm-b77">
         <name>_register_unlock</name>
         <value>0x6c25</value>
         <object_component_ref idref="oc-1f2"/>
      </symbol>
      <symbol id="sm-c78">
         <name>__TI_printfi</name>
         <value>0x1d05</value>
         <object_component_ref idref="oc-230"/>
      </symbol>
      <symbol id="sm-c8c">
         <name>_args_main</name>
         <value>0x6bdd</value>
         <object_component_ref idref="oc-7a"/>
      </symbol>
      <symbol id="sm-ca2">
         <name>atoi</name>
         <value>0x69c5</value>
         <object_component_ref idref="oc-31b"/>
      </symbol>
      <symbol id="sm-ccc">
         <name>__TI_auto_init</name>
         <value>0x6615</value>
         <object_component_ref idref="oc-74"/>
      </symbol>
      <symbol id="sm-ce6">
         <name>copy_in</name>
         <value>0x6a11</value>
         <object_component_ref idref="oc-fb"/>
      </symbol>
      <symbol id="sm-cf1">
         <name>_ctypes_</name>
         <value>0x6e48</value>
         <object_component_ref idref="oc-3be"/>
      </symbol>
      <symbol id="sm-d08">
         <name>__aeabi_dsub</name>
         <value>0x5a75</value>
         <object_component_ref idref="oc-304"/>
      </symbol>
      <symbol id="sm-d09">
         <name>__aeabi_dadd</name>
         <value>0x5a7f</value>
         <object_component_ref idref="oc-304"/>
      </symbol>
      <symbol id="sm-d2b">
         <name>__aeabi_cdcmpeq</name>
         <value>0x648d</value>
         <object_component_ref idref="oc-2e0"/>
      </symbol>
      <symbol id="sm-d2c">
         <name>__aeabi_cdcmple</name>
         <value>0x648d</value>
         <object_component_ref idref="oc-2e0"/>
      </symbol>
      <symbol id="sm-d2d">
         <name>__aeabi_cdrcmple</name>
         <value>0x6513</value>
         <object_component_ref idref="oc-2ef"/>
      </symbol>
      <symbol id="sm-d41">
         <name>__aeabi_ddiv</name>
         <value>0x5db5</value>
         <object_component_ref idref="oc-2ea"/>
      </symbol>
      <symbol id="sm-d4c">
         <name>__aeabi_dmul</name>
         <value>0x5eeb</value>
         <object_component_ref idref="oc-2e5"/>
      </symbol>
      <symbol id="sm-d56">
         <name>__aeabi_d2iz</name>
         <value>0x6a5d</value>
         <object_component_ref idref="oc-2f4"/>
      </symbol>
      <symbol id="sm-d60">
         <name>__aeabi_idiv0</name>
         <value>0x25ff</value>
         <object_component_ref idref="oc-1aa"/>
      </symbol>
      <symbol id="sm-d6a">
         <name>__aeabi_i2d</name>
         <value>0x6b1b</value>
         <object_component_ref idref="oc-2ff"/>
      </symbol>
      <symbol id="sm-d79">
         <name>ltoa</name>
         <value>0x6921</value>
         <object_component_ref idref="oc-2f9"/>
      </symbol>
      <symbol id="sm-d89">
         <name>memccpy</name>
         <value>0x6bc1</value>
         <object_component_ref idref="oc-321"/>
      </symbol>
      <symbol id="sm-da4">
         <name>frexpl</name>
         <value>0x67b5</value>
         <object_component_ref idref="oc-309"/>
      </symbol>
      <symbol id="sm-da5">
         <name>frexp</name>
         <value>0x67b5</value>
         <object_component_ref idref="oc-309"/>
      </symbol>
      <symbol id="sm-dc2">
         <name>scalbn</name>
         <value>0x5fe9</value>
         <object_component_ref idref="oc-30f"/>
      </symbol>
      <symbol id="sm-dc3">
         <name>scalbnl</name>
         <value>0x5fe9</value>
         <object_component_ref idref="oc-30f"/>
      </symbol>
      <symbol id="sm-dc4">
         <name>ldexpl</name>
         <value>0x5fe9</value>
         <object_component_ref idref="oc-30f"/>
      </symbol>
      <symbol id="sm-dc5">
         <name>ldexp</name>
         <value>0x5fe9</value>
         <object_component_ref idref="oc-30f"/>
      </symbol>
      <symbol id="sm-dcf">
         <name>_system_post_cinit</name>
         <value>0x5c2b</value>
         <object_component_ref idref="oc-101"/>
      </symbol>
      <symbol id="sm-ddf">
         <name>strchr</name>
         <value>0x6c0d</value>
         <object_component_ref idref="oc-315"/>
      </symbol>
      <symbol id="sm-dfb">
         <name>__aeabi_uldivmod</name>
         <value>0x56b1</value>
         <object_component_ref idref="oc-2db"/>
      </symbol>
      <symbol id="sm-e03">
         <name>errno</name>
         <value>0x20005fe0</value>
         <object_component_ref idref="oc-3b7"/>
      </symbol>
      <symbol id="sm-e0d">
         <name>copysign</name>
         <value>0x6c39</value>
         <object_component_ref idref="oc-3b1"/>
      </symbol>
      <symbol id="sm-e0e">
         <name>copysignl</name>
         <value>0x6c39</value>
         <object_component_ref idref="oc-3b1"/>
      </symbol>
      <symbol id="sm-e0f">
         <name>__TI_static_base__</name>
         <value>0x0</value>
      </symbol>
      <symbol id="sm-e12">
         <name>SHT$$INIT_ARRAY$$Limit</name>
         <value>0x0</value>
      </symbol>
      <symbol id="sm-e13">
         <name>SHT$$INIT_ARRAY$$Base</name>
         <value>0x0</value>
      </symbol>
      <symbol id="sm-e14">
         <name>vApplicationIdleHook</name>
         <value>0x6b07</value>
      </symbol>
      <symbol id="sm-e15">
         <name>IntPriorityMaskSet</name>
         <value>0x6b0b</value>
      </symbol>
      <symbol id="sm-e16">
         <name>IntPriorityMaskGet</name>
         <value>0x6b11</value>
      </symbol>
      <symbol id="sm-e17">
         <name>SysCtlSleep</name>
         <value>0x6b07</value>
      </symbol>
   </symbol_table>
   <title>Link successful</title>
</link_info>
